
################################################################################
# ITEM 1 — SOURCE DATA: LOAD, MERGE, EXCLUSION TO N = 397
################################################################################

================================================================================
SECTION 1 – Data Loading & Cleaning
================================================================================
Total camera days: 444
Zero-count days (camera outage): 17
  Dates: 2024-12-30, 2025-01-22, 2025-05-02, 2025-05-17, 2025-06-13, 2025-06-24, 2025-08-06, 2025-08-16, 2025-08-26, 2025-08-30, 2025-09-10, 2025-09-26, 2025-09-27, 2025-09-28, 2025-10-03, 2025-10-10, 2025-11-12
Usable camera days after removing zeros: 427
Using JMA weather file: <repo>/jma/jma_mikuni_hourly_8.csv
Weather daily rows: 461
Google intent rows: 774
Using Google intent column: 'directions'
Merged daily rows (camera ∩ weather ∩ google): 427
Date range: 2024-12-20 → 2026-03-10

Outlier detection (IQR): Q1=5045  Q3=11376  IQR=6332  fences=[-4452, 20874]
  Outlier days: 5

Augmented Dickey-Fuller tests:
  count: ADF=-2.916  p=0.0435  → STATIONARY  (lag=14)
  directions: ADF=-2.480  p=0.1204  → NON-STATIONARY  (lag=15)
Loaded 97719 survey responses across all years
Initializing Phase 1 Privacy Layer...
Scrubbing PII (Names, Emails, Phones) from free-text fields.
Privacy sanitization applied (best-effort redaction) before downstream analysis.
Raw Fukui survey loaded: 90350 rows

================================================================================
SECTION 2 – Feature Engineering
================================================================================
Weekend/Holiday days: 141 / 427
Weather severity distribution:
weather_severity
0    193
1    139
2     90
3      5

Day-of-week average counts:
  Mon: 8486.3
  Tue: 6847.4
  Wed: 6192.4
  Thu: 6770.7
  Fri: 7220.1
  Sat: 11853.2
  Sun: 12127.4

Correlation with 'count':
  directions                           r = +0.781
  directions_lag2                      r = +0.437
  directions_roll7                     r = +0.570
  precip                               r = -0.180
  temp                                 r = +0.437
  sun                                  r = +0.381
  wind                                 r = -0.234
  is_weekend_or_holiday                r = +0.548
  weather_severity                     r = -0.297
  dow_mean_count                       r = +0.503

>>> Effective model rows after merge + dropna (exclusions applied): N = 397
>>> Date span: 2024-12-23 → 2026-02-12
>>> Feature columns (16): ['directions', 'directions_lag1', 'directions_lag2', 'directions_lag3', 'directions_roll7', 'precip', 'temp', 'sun', 'wind', 'precip_lag1', 'is_weekend_or_holiday', 'weather_severity', 'dow_mean_count', 'weekend_x_severity', 'weekend_x_intent', 'month']

################################################################################
# ITEM 2 — OLS REGRESSION: FULL summary(), COEFFICIENTS, P-VALUES, R²
################################################################################

--- OLS Regression ---
                            OLS Regression Results                            
==============================================================================
Dep. Variable:                      y   R-squared:                       0.810
Model:                            OLS   Adj. R-squared:                  0.802
Method:                 Least Squares   F-statistic:                     101.0
Date:                Wed, 12 Aug 2026   Prob (F-statistic):          6.52e-126
Time:                        07:39:31   Log-Likelihood:                -3582.4
No. Observations:                 397   AIC:                             7199.
Df Residuals:                     380   BIC:                             7266.
Df Model:                          16                                         
Covariance Type:            nonrobust                                         
==============================================================================
                 coef    std err          t      P>|t|      [0.025      0.975]
------------------------------------------------------------------------------
const       -722.3348    951.494     -0.759      0.448   -2593.187    1148.518
x1             0.9174      0.141      6.520      0.000       0.641       1.194
x2             0.3048      0.144      2.112      0.035       0.021       0.588
x3            -0.0230      0.142     -0.162      0.872      -0.303       0.257
x4            -0.2662      0.134     -1.982      0.048      -0.530      -0.002
x5             0.3872      0.191      2.025      0.044       0.011       0.763
x6           -24.3382     17.742     -1.372      0.171     -59.223      10.547
x7           -29.3252     16.182     -1.812      0.071     -61.142       2.492
x8          1294.1985    465.013      2.783      0.006     379.878    2208.519
x9           -12.6508     76.613     -0.165      0.869    -163.290     137.988
x10           -4.1625     11.291     -0.369      0.713     -26.364      18.039
x11         5374.2338    851.177      6.314      0.000    3700.627    7047.840
x12         -283.4014    253.552     -1.118      0.264    -781.941     215.139
x13           -0.0585      0.109     -0.536      0.592      -0.273       0.156
x14        -1194.5150    274.111     -4.358      0.000   -1733.478    -655.551
x15           -0.2271      0.108     -2.096      0.037      -0.440      -0.014
x16          409.4725     31.386     13.046      0.000     347.761     471.184
==============================================================================
Omnibus:                       18.269   Durbin-Watson:                   1.005
Prob(Omnibus):                  0.000   Jarque-Bera (JB):               27.707
Skew:                           0.344   Prob(JB):                     9.63e-07
Kurtosis:                       4.097   Cond. No.                     1.49e+05
==============================================================================

Notes:
[1] Standard Errors assume that the covariance matrix of the errors is correctly specified.
[2] The condition number is large, 1.49e+05. This might indicate that there are
strong multicollinearity or other numerical problems.

OLS R²  = 0.8096
OLS Adj R² = 0.8016

OLS Significant predictors (p < 0.05):
  directions                           coef=    +0.917  p=0.0000 ***
  directions_lag1                      coef=    +0.305  p=0.0353 ***
  directions_lag3                      coef=    -0.266  p=0.0482 ***
  directions_roll7                     coef=    +0.387  p=0.0435 ***
  sun                                  coef= +1294.199  p=0.0057 ***
  is_weekend_or_holiday                coef= +5374.234  p=0.0000 ***
  weekend_x_severity                   coef= -1194.515  p=0.0000 ***
  weekend_x_intent                     coef=    -0.227  p=0.0367 ***
  month                                coef=  +409.472  p=0.0000 ***

################################################################################
# ITEM 3 — RANDOM FOREST: HYPERPARAMETERS, 5-FOLD CV, IMPORTANCES
################################################################################
>>> RF hyperparameters (from config/settings.yaml): {'n_estimators': 500, 'max_depth': 10, 'min_samples_leaf': 5, 'random_state': 42, 'n_jobs': -1}

--- Random Forest Regressor ---
RF Train R²      = 0.9087
RF Train MAE     = 947.2
RF 5-fold CV R²  = 0.5572 ± 0.1306

Random Forest Feature Importance (MDI):
  directions                           0.7440  ██████████████████████████████████████████████████████████████████████████
  month                                0.0800  ███████
  temp                                 0.0360  ███
  weekend_x_intent                     0.0254  ██
  precip                               0.0200  ██
  sun                                  0.0184  █
  directions_lag1                      0.0157  █
  directions_roll7                     0.0156  █
  wind                                 0.0113  █
  directions_lag3                      0.0111  █
  directions_lag2                      0.0070  
  dow_mean_count                       0.0062  
  precip_lag1                          0.0044  
  is_weekend_or_holiday                0.0027  
  weather_severity                     0.0015  
  weekend_x_severity                   0.0006  

Permutation Importance:
  directions                           +1.1646 ± 0.0769
  month                                +0.1403 ± 0.0100
  temp                                 +0.0336 ± 0.0025
  precip                               +0.0271 ± 0.0022
  sun                                  +0.0218 ± 0.0019
  weekend_x_intent                     +0.0211 ± 0.0021
  directions_lag1                      +0.0170 ± 0.0014
  directions_roll7                     +0.0157 ± 0.0016
  wind                                 +0.0109 ± 0.0012
  directions_lag3                      +0.0104 ± 0.0017
  dow_mean_count                       +0.0065 ± 0.0010
  directions_lag2                      +0.0052 ± 0.0011
  precip_lag1                          +0.0038 ± 0.0004
  is_weekend_or_holiday                +0.0026 ± 0.0004
  weather_severity                     +0.0014 ± 0.0002
  weekend_x_severity                   +0.0003 ± 0.0001

--- Random Forest chronological hold-out (split-rounding sensitivity) ---
  [317/80 (int)] train n=317 hold-out n=80: RF hold-out R² = 0.5519, MAE = 1874.2
  [318/79 (round, = paper)] train n=318 hold-out n=79: RF hold-out R² = 0.5120, MAE = 1893.2

################################################################################
# ITEM 4/5 — ROBUSTNESS: HAC, VIF, FIRST-DIFFERENCE, LDV, DURBIN-WATSON
################################################################################

================================================================================
SECTION 10 – Model Robustness (PhD Shield)
================================================================================

★ Durbin-Watson statistic: 1.005
  → WARNING: Autocorrelation detected

--- Sensitivity Analysis: Value of JMA Weather Data ---
  OLS R² with weather:    0.8096
  OLS R² without weather: 0.7537
  ★ Weather data value:   +0.0559 R²

--- Variance Inflation Factors (VIF) ---
  directions                               9.8
  directions_lag1                         10.2 ⚠ HIGH
  directions_lag2                         10.0 ⚠ HIGH
  directions_lag3                          8.9
  directions_roll7                        12.2 ⚠ HIGH
  precip                                   2.7
  temp                                     2.2
  sun                                      1.9
  wind                                     1.4
  precip_lag1                              1.1
  is_weekend_or_holiday                   15.0 ⚠ HIGH
  weather_severity                         4.0
  dow_mean_count                           5.9
  weekend_x_severity                       2.7
  weekend_x_intent                        12.5 ⚠ HIGH
  month                                    1.3

================================================================================
SECTION 12 – Autocorrelation Fix (PhD Robustness)
================================================================================

--- 12a. OLS with Newey-West (HAC) Standard Errors ---
  Newey-West bandwidth: 5
    directions                           p_NW=0.0000
    directions_lag1                      p_NW=0.0066
    directions_lag3                      p_NW=0.0199
    directions_roll7                     p_NW=0.0341
    sun                                  p_NW=0.0051
    is_weekend_or_holiday                p_NW=0.0002
    weekend_x_severity                   p_NW=0.0001
    month                                p_NW=0.0000
  Total NW-significant: 8

--- 12b. First-Difference Model ---
  First-Diff R²: 0.7083  DW: 2.525 (residual autocorrelation)

--- 12c. Lagged Dependent Variable (LDV) ---
  LDV R²: 0.8485  DW: 1.899
  count_lag1 coef = +0.3927, p = 0.0000

################################################################################
# EFFECT SIZES + CHRONOLOGICAL HOLD-OUT (standardised β, Cohen's f²)
################################################################################

================================================================================
SECTION SR – Statistical Rigor – Effect Size & Predictive Validity
================================================================================

--- Standardised Coefficients (β) ---
  Feature                                 β (std)       |β|
  -----------------------------------  ----------  --------
  is_weekend_or_holiday                   +0.5471    0.5471
  directions                              +0.4559    0.4559
  month                                   +0.3307    0.3307
  weekend_x_intent                        -0.1658    0.1658
  weekend_x_severity                      -0.1592    0.1592
  directions_roll7                        +0.1584    0.1584
  directions_lag1                         +0.1510    0.1510
  directions_lag3                         -0.1326    0.1326
  sun                                     +0.0856    0.0856
  temp                                    -0.0601    0.0601
  precip                                  -0.0507    0.0507
  weather_severity                        -0.0503    0.0503
  dow_mean_count                          -0.0291    0.0291
  directions_lag2                         -0.0114    0.0114
  precip_lag1                             -0.0087    0.0087
  wind                                    -0.0043    0.0043

--- Cohen's f² ---
  f² = R² / (1 − R²) = 0.8096 / 0.1904 = 4.2519
  Effect magnitude: large (≥0.35)

--- Out-of-Sample Validation (train=80% / test=20%) ---
  Train period:   2024-12-23 → 2025-11-22 (n=317)
  Holdout period: 2025-11-23 → 2026-02-12 (n=80)

  Holdout MAE:   1793.2 visitors/day
  Holdout RMSE:  2461.0 visitors/day
  Holdout R²:    0.6834

  Interpretation: The model predicts unseen dates within ±1793 visitors/day on average.

################################################################################
# BENCHMARK — SAME-SPLIT CHRONOLOGICAL HOLD-OUT (OLS 0.657, baselines)
################################################################################

--- Chronological benchmark (train/test) ---
  Train: n=318  Test: n=79  (train_pct=0.80)

Benchmark test metrics:
  naive_lag1          MAE=2379.28  RMSE=3655.34  R²=0.2511
  rolling_mean_7      MAE=3012.95  RMSE=3905.20  R²=0.1452
  ols                 MAE=1802.41  RMSE=2475.42  R²=0.6565
  random_forest       MAE=1893.16  RMSE=2950.80  R²=0.5120

RF ablation (test set):
  full                  MAE=1893.16  ΔMAE=+0.00  R²=0.5120
  no_weather            MAE=1951.75  ΔMAE=+58.59  R²=0.5340
  no_google_intent      MAE=2177.30  ΔMAE=+284.14  R²=0.4848
  no_calendar           MAE=2219.75  ΔMAE=+326.59  R²=0.3544

################################################################################
# END OF CORE REPRODUCIBILITY RUN
################################################################################
